// Vitest Snapshot v1, https://vitest.dev/guide/snapshot.html

exports[`TaxForm > should match snapshot 1`] = `
<div>
  <form
    class="w-1/4 "
  >
    <div
      class="group/field-group @container/field-group flex w-full flex-col gap-7 data-[slot=checkbox-group]:gap-3 [&>[data-slot=field-group]]:gap-4"
      data-slot="field-group"
    >
      <div
        class="group/field flex w-full gap-3 data-[invalid=true]:text-destructive flex-col [&>*]:w-full [&>.sr-only]:w-auto"
        data-orientation="vertical"
        data-slot="field"
        role="group"
      >
        <label
          class="items-center text-sm font-medium select-none group-data-[disabled=true]:pointer-events-none group-data-[disabled=true]:opacity-50 peer-disabled:cursor-not-allowed peer-disabled:opacity-50 group/field-label peer/field-label flex w-fit gap-2 leading-snug group-data-[disabled=true]/field:opacity-50 has-[>[data-slot=field]]:w-full has-[>[data-slot=field]]:flex-col has-[>[data-slot=field]]:rounded-md has-[>[data-slot=field]]:border [&>*]:data-[slot=field]:p-4 has-data-[state=checked]:bg-primary/5 has-data-[state=checked]:border-primary dark:has-data-[state=checked]:bg-primary/10"
          data-slot="field-label"
          for="fieldgroup-income"
        >
          Annual Income
        </label>
        <input
          class="file:text-foreground placeholder:text-muted-foreground selection:bg-primary selection:text-primary-foreground dark:bg-input/30 border-input h-9 w-full min-w-0 rounded-md border bg-transparent px-3 py-1 text-base shadow-xs transition-[color,box-shadow] outline-none file:inline-flex file:h-7 file:border-0 file:bg-transparent file:text-sm file:font-medium disabled:pointer-events-none disabled:cursor-not-allowed disabled:opacity-50 md:text-sm focus-visible:border-ring focus-visible:ring-ring/50 focus-visible:ring-[3px] aria-invalid:ring-destructive/20 dark:aria-invalid:ring-destructive/40 aria-invalid:border-destructive"
          data-slot="input"
          data-testid="income-input"
          id="fieldgroup-income"
          placeholder="$"
          required=""
          type="number"
          value=""
        />
      </div>
      <div
        class="group/field flex w-full gap-3 data-[invalid=true]:text-destructive flex-col [&>*]:w-full [&>.sr-only]:w-auto"
        data-orientation="vertical"
        data-slot="field"
        role="group"
      >
        <label
          class="items-center text-sm font-medium select-none group-data-[disabled=true]:pointer-events-none group-data-[disabled=true]:opacity-50 peer-disabled:cursor-not-allowed peer-disabled:opacity-50 group/field-label peer/field-label flex w-fit gap-2 leading-snug group-data-[disabled=true]/field:opacity-50 has-[>[data-slot=field]]:w-full has-[>[data-slot=field]]:flex-col has-[>[data-slot=field]]:rounded-md has-[>[data-slot=field]]:border [&>*]:data-[slot=field]:p-4 has-data-[state=checked]:bg-primary/5 has-data-[state=checked]:border-primary dark:has-data-[state=checked]:bg-primary/10"
          data-slot="field-label"
          for="fieldgroup-year"
        >
          Tax Year
        </label>
        <input
          class="file:text-foreground placeholder:text-muted-foreground selection:bg-primary selection:text-primary-foreground dark:bg-input/30 border-input h-9 w-full min-w-0 rounded-md border bg-transparent px-3 py-1 text-base shadow-xs transition-[color,box-shadow] outline-none file:inline-flex file:h-7 file:border-0 file:bg-transparent file:text-sm file:font-medium disabled:pointer-events-none disabled:cursor-not-allowed disabled:opacity-50 md:text-sm focus-visible:border-ring focus-visible:ring-ring/50 focus-visible:ring-[3px] aria-invalid:ring-destructive/20 dark:aria-invalid:ring-destructive/40 aria-invalid:border-destructive"
          data-slot="input"
          data-testid="year-input"
          id="fieldgroup-year"
          required=""
          type="number"
          value=""
        />
        <p
          class="text-muted-foreground text-sm leading-normal font-normal group-has-[[data-orientation=horizontal]]/field:text-balance last:mt-0 nth-last-2:-mt-1 [[data-variant=legend]+&]:-mt-1.5 [&>a:hover]:text-primary [&>a]:underline [&>a]:underline-offset-4"
          data-slot="field-description"
        >
          Please enter a year from 2019 to 2022.
        </p>
      </div>
      <div
        class="group/field flex w-full gap-3 data-[invalid=true]:text-destructive flex-row items-center [&>[data-slot=field-label]]:flex-auto has-[>[data-slot=field-content]]:items-start has-[>[data-slot=field-content]]:[&>[role=checkbox],[role=radio]]:mt-px"
        data-orientation="horizontal"
        data-slot="field"
        role="group"
      >
        <button
          class="cursor-pointer inline-flex items-center justify-center gap-2 whitespace-nowrap rounded-md text-sm font-medium transition-all disabled:pointer-events-none disabled:opacity-50 [&_svg]:pointer-events-none [&_svg:not([class*='size-'])]:size-4 shrink-0 [&_svg]:shrink-0 outline-none focus-visible:border-ring focus-visible:ring-ring/50 focus-visible:ring-[3px] aria-invalid:ring-destructive/20 dark:aria-invalid:ring-destructive/40 aria-invalid:border-destructive bg-primary text-primary-foreground h-9 px-4 py-2 has-[>svg]:px-3 border hover:bg-slate-800"
          data-size="default"
          data-slot="button"
          data-variant="default"
          type="submit"
        >
          Submit
        </button>
      </div>
    </div>
  </form>
</div>
`;
